[_mjme/files/fotopage/Exitus/index.html]
[index-2.html]
[_mjme/files/fotopage/Exitus/res/basestyle.css]
[_mjme/files/fotopage/Exitus/res/dark.css]
[_mjme/files/fotopage/Exitus/index2.html]
[_mjme/files/fotopage/Exitus/index3.html]
[_mjme/files/fotopage/Exitus/index-2.html]
[_mjme/files/fotopage/Exitus/res/keyboard.js]
[_mjme/files/fotopage/Exitus/res/navindex.js]
[_mjme/files/fotopage/Exitus/res/warning_icon.gif]
[_mjme/files/fotopage/Exitus/res/silver-21px-darkbackground/index_previous_disabled.gif]
[_mjme/files/fotopage/Exitus/res/silver-21px-darkbackground/index_next.gif]
[_mjme/files/fotopage/Exitus/slides/IMGP5409.html]
[_mjme/files/fotopage/Exitus/thumbs/IMGP5409.jpg]
[_mjme/files/fotopage/Exitus/slides/IMGP5410.html]
[_mjme/files/fotopage/Exitus/thumbs/IMGP5410.jpg]
[_mjme/files/fotopage/Exitus/slides/IMGP5412.html]
[_mjme/files/fotopage/Exitus/thumbs/IMGP5412.jpg]
[_mjme/files/fotopage/Exitus/slides/IMGP5414.html]
[_mjme/files/fotopage/Exitus/thumbs/IMGP5414.jpg]
[_mjme/files/fotopage/Exitus/slides/IMGP5416.html]
[_mjme/files/fotopage/Exitus/thumbs/IMGP5416.jpg]
[_mjme/files/fotopage/Exitus/slides/IMGP5430.html]
[_mjme/files/fotopage/Exitus/thumbs/IMGP5430.jpg]
[_mjme/files/fotopage/Exitus/slides/IMGP5434.html]
[_mjme/files/fotopage/Exitus/thumbs/IMGP5434.jpg]
[_mjme/files/fotopage/Exitus/slides/IMGP5437.html]
[_mjme/files/fotopage/Exitus/thumbs/IMGP5437.jpg]
[_mjme/files/fotopage/Exitus/slides/IMGP5439.html]
[_mjme/files/fotopage/Exitus/thumbs/IMGP5439.jpg]
[_mjme/files/fotopage/Exitus/slides/IMGP5441.html]
[_mjme/files/fotopage/Exitus/thumbs/IMGP5441.jpg]
[_mjme/files/fotopage/Exitus/slides/IMGP5443.html]
[_mjme/files/fotopage/Exitus/thumbs/IMGP5443.jpg]
[_mjme/files/fotopage/Exitus/slides/IMGP5445.html]
[_mjme/files/fotopage/Exitus/thumbs/IMGP5445.jpg]
[_mjme/files/fotopage/Exitus/slides/IMGP5449.html]
[_mjme/files/fotopage/Exitus/thumbs/IMGP5449.jpg]
[_mjme/files/fotopage/Exitus/slides/IMGP5452.html]
[_mjme/files/fotopage/Exitus/thumbs/IMGP5452.jpg]
[_mjme/files/fotopage/Exitus/slides/IMGP5462.html]
[_mjme/files/fotopage/Exitus/thumbs/IMGP5462.jpg]
[_mjme/files/fotopage/Exitus/slides/IMGP5464.html]
[_mjme/files/fotopage/Exitus/thumbs/IMGP5464.jpg]
[_mjme/files/fotopage/Exitus/slides/IMGP5466.html]
[_mjme/files/fotopage/Exitus/thumbs/IMGP5466.jpg]
[_mjme/files/fotopage/Exitus/slides/IMGP5467.html]
[_mjme/files/fotopage/Exitus/thumbs/IMGP5467.jpg]
[_mjme/files/fotopage/Exitus/slides/IMGP5469.html]
[_mjme/files/fotopage/Exitus/thumbs/IMGP5469.jpg]
[_mjme/files/fotopage/Exitus/slides/IMGP5475.html]
[_mjme/files/fotopage/Exitus/thumbs/IMGP5475.jpg]
[_mjme/files/fotopage/Exitus/slides/IMGP5480.html]
[_mjme/files/fotopage/Exitus/thumbs/IMGP5480.jpg]
[_mjme/files/fotopage/Exitus/slides/IMGP5484.html]
[_mjme/files/fotopage/Exitus/thumbs/IMGP5484.jpg]
[_mjme/files/fotopage/Exitus/slides/IMGP5486.html]
[_mjme/files/fotopage/Exitus/thumbs/IMGP5486.jpg]
[_mjme/files/fotopage/Exitus/slides/IMGP5493.html]
[_mjme/files/fotopage/Exitus/thumbs/IMGP5493.jpg]
[_mjme/files/fotopage/Exitus/slides/IMGP5499.html]
[_mjme/files/fotopage/Exitus/thumbs/IMGP5499.jpg]
[_mjme/files/fotopage/Exitus/slides/IMGP5501.html]
[_mjme/files/fotopage/Exitus/thumbs/IMGP5501.jpg]
[_mjme/files/fotopage/Exitus/slides/IMGP5504.html]
[_mjme/files/fotopage/Exitus/thumbs/IMGP5504.jpg]
[_mjme/files/fotopage/Exitus/slides/IMGP5505.html]
[_mjme/files/fotopage/Exitus/thumbs/IMGP5505.jpg]
[_mjme/files/fotopage/Exitus/slides/IMGP5514.html]
[_mjme/files/fotopage/Exitus/thumbs/IMGP5514.jpg]
[_mjme/files/fotopage/Exitus/slides/IMGP5517.html]
[_mjme/files/fotopage/Exitus/thumbs/IMGP5517.jpg]
[_mjme/files/fotopage/Exitus/slides/IMGP5518.html]
[_mjme/files/fotopage/Exitus/thumbs/IMGP5518.jpg]
[_mjme/files/fotopage/Exitus/slides/IMGP5528.html]
[_mjme/files/fotopage/Exitus/thumbs/IMGP5528.jpg]
[_mjme/files/fotopage/Exitus/slides/IMGP5529.html]
[_mjme/files/fotopage/Exitus/thumbs/IMGP5529.jpg]
[_mjme/files/fotopage/Exitus/slides/IMGP5533.html]
[_mjme/files/fotopage/Exitus/thumbs/IMGP5533.jpg]
[_mjme/files/fotopage/Exitus/slides/IMGP5536.html]
[_mjme/files/fotopage/Exitus/thumbs/IMGP5536.jpg]
[_mjme/files/fotopage/Exitus/slides/IMGP5548.html]
[_mjme/files/fotopage/Exitus/index.html]
[_mjme/files/fotopage/Exitus/thumbs/IMGP5548.jpg]
[js/jquery.js]
[js/jquery.nette.js]
[js/LiveFormValidation.js]
[js/jquery.ui/ui.core.min.js]
[js/jquery.ui/ui.slider.min.js]
[js/jquery.ui/ui.datepicker.min.js]
[js/jquery.ui/ui.datepicker-cs.min.js]
[js/timepicker-cs.js]
[js/ckeditor/ckeditor.js]
[js/project.js]
[js/jquery.color.min.js]
[js/jquery.lightbox.js]
[favicon.png]
[img/default_duchacek.png]
[img/default_ghostbusters_small.png]
[2010/index.html]
[_mjme/files/fotopage/Exitus/res/basestyle.css]
[_mjme/files/fotopage/Exitus/res/dark.css]
[_mjme/files/fotopage/Exitus/res/purplestripe.gif]
[_mjme/files/fotopage/Exitus/res/silver-21px-darkbackground/index_previous.gif]
[_mjme/files/fotopage/Exitus/slides/IMGP5554.html]
[_mjme/files/fotopage/Exitus/thumbs/IMGP5554.jpg]
[_mjme/files/fotopage/Exitus/slides/IMGP5561.html]
[_mjme/files/fotopage/Exitus/thumbs/IMGP5561.jpg]
[_mjme/files/fotopage/Exitus/slides/IMGP5566.html]
[_mjme/files/fotopage/Exitus/thumbs/IMGP5566.jpg]
[_mjme/files/fotopage/Exitus/slides/IMGP5571.html]
[_mjme/files/fotopage/Exitus/thumbs/IMGP5571.jpg]
[_mjme/files/fotopage/Exitus/slides/IMGP5573.html]
[_mjme/files/fotopage/Exitus/thumbs/IMGP5573.jpg]
[_mjme/files/fotopage/Exitus/slides/IMGP5578.html]
[_mjme/files/fotopage/Exitus/thumbs/IMGP5578.jpg]
[_mjme/files/fotopage/Exitus/slides/IMGP5580.html]
[_mjme/files/fotopage/Exitus/thumbs/IMGP5580.jpg]
[_mjme/files/fotopage/Exitus/slides/IMGP5585.html]
[_mjme/files/fotopage/Exitus/thumbs/IMGP5585.jpg]
[_mjme/files/fotopage/Exitus/slides/IMGP5586.html]
[_mjme/files/fotopage/Exitus/thumbs/IMGP5586.jpg]
[_mjme/files/fotopage/Exitus/slides/IMGP5590.html]
[_mjme/files/fotopage/Exitus/thumbs/IMGP5590.jpg]
[_mjme/files/fotopage/Exitus/slides/IMGP5593.html]
[_mjme/files/fotopage/Exitus/thumbs/IMGP5593.jpg]
[_mjme/files/fotopage/Exitus/slides/IMGP5593_619.html]
[_mjme/files/fotopage/Exitus/thumbs/IMGP5593_619.jpg]
[_mjme/files/fotopage/Exitus/slides/IMGP5598.html]
[_mjme/files/fotopage/Exitus/thumbs/IMGP5598.jpg]
[_mjme/files/fotopage/Exitus/slides/IMGP5607.html]
[_mjme/files/fotopage/Exitus/thumbs/IMGP5607.jpg]
[_mjme/files/fotopage/Exitus/slides/IMGP5612.html]
[_mjme/files/fotopage/Exitus/thumbs/IMGP5612.jpg]
[_mjme/files/fotopage/Exitus/slides/IMGP5613.html]
[_mjme/files/fotopage/Exitus/thumbs/IMGP5613.jpg]
[_mjme/files/fotopage/Exitus/slides/IMGP5614.html]
[_mjme/files/fotopage/Exitus/thumbs/IMGP5614.jpg]
[_mjme/files/fotopage/Exitus/slides/IMGP5623.html]
[_mjme/files/fotopage/Exitus/thumbs/IMGP5623.jpg]
[_mjme/files/fotopage/Exitus/slides/IMGP5624.html]
[_mjme/files/fotopage/Exitus/thumbs/IMGP5624.jpg]
[_mjme/files/fotopage/Exitus/slides/IMGP5627.html]
[_mjme/files/fotopage/Exitus/thumbs/IMGP5627.jpg]
[_mjme/files/fotopage/Exitus/slides/IMGP5631.html]
[_mjme/files/fotopage/Exitus/thumbs/IMGP5631.jpg]
[_mjme/files/fotopage/Exitus/slides/IMGP5634.html]
[_mjme/files/fotopage/Exitus/thumbs/IMGP5634.jpg]
[_mjme/files/fotopage/Exitus/slides/IMGP5639.html]
[_mjme/files/fotopage/Exitus/thumbs/IMGP5639.jpg]
[_mjme/files/fotopage/Exitus/slides/IMGP5643.html]
[_mjme/files/fotopage/Exitus/thumbs/IMGP5643.jpg]
[_mjme/files/fotopage/Exitus/slides/IMGP5645.html]
[_mjme/files/fotopage/Exitus/thumbs/IMGP5645.jpg]
[_mjme/files/fotopage/Exitus/slides/IMGP5647.html]
[_mjme/files/fotopage/Exitus/thumbs/IMGP5647.jpg]
[_mjme/files/fotopage/Exitus/slides/IMGP5649.html]
[_mjme/files/fotopage/Exitus/thumbs/IMGP5649.jpg]
[_mjme/files/fotopage/Exitus/slides/IMGP5651.html]
[_mjme/files/fotopage/Exitus/thumbs/IMGP5651.jpg]
[_mjme/files/fotopage/Exitus/slides/IMGP5655.html]
[_mjme/files/fotopage/Exitus/thumbs/IMGP5655.jpg]
[_mjme/files/fotopage/Exitus/slides/IMGP5659.html]
[_mjme/files/fotopage/Exitus/thumbs/IMGP5659.jpg]
[_mjme/files/fotopage/Exitus/slides/IMGP5661.html]
[_mjme/files/fotopage/Exitus/thumbs/IMGP5661.jpg]
[_mjme/files/fotopage/Exitus/slides/IMGP5663.html]
[_mjme/files/fotopage/Exitus/thumbs/IMGP5663.jpg]
[_mjme/files/fotopage/Exitus/slides/IMGP5669.html]
[_mjme/files/fotopage/Exitus/thumbs/IMGP5669.jpg]
[_mjme/files/fotopage/Exitus/slides/IMGP5674.html]
[_mjme/files/fotopage/Exitus/thumbs/IMGP5674.jpg]
[_mjme/files/fotopage/Exitus/slides/IMGP5676.html]
[_mjme/files/fotopage/Exitus/thumbs/IMGP5676.jpg]
[_mjme/files/fotopage/Exitus/slides/IMGP5679.html]
[_mjme/files/fotopage/Exitus/index2.html]
[_mjme/files/fotopage/Exitus/thumbs/IMGP5679.jpg]
[_mjme/files/fotopage/Exitus/res/silver-21px-darkbackground/index_next_disabled.gif]
[_mjme/files/fotopage/Exitus/slides/IMGP5681.html]
[_mjme/files/fotopage/Exitus/thumbs/IMGP5681.jpg]
[_mjme/files/fotopage/Exitus/slides/IMGP5693.html]
[_mjme/files/fotopage/Exitus/thumbs/IMGP5693.jpg]
[_mjme/files/fotopage/Exitus/slides/IMGP5695.html]
[_mjme/files/fotopage/Exitus/thumbs/IMGP5695.jpg]
[_mjme/files/fotopage/Exitus/slides/IMGP5699.html]
[_mjme/files/fotopage/Exitus/thumbs/IMGP5699.jpg]
[_mjme/files/fotopage/Exitus/slides/IMGP5701.html]
[_mjme/files/fotopage/Exitus/thumbs/IMGP5701.jpg]
[_mjme/files/fotopage/Exitus/slides/IMGP5708.html]
[_mjme/files/fotopage/Exitus/thumbs/IMGP5708.jpg]
[_mjme/files/fotopage/Exitus/slides/IMGP5713.html]
[_mjme/files/fotopage/Exitus/thumbs/IMGP5713.jpg]
[_mjme/files/fotopage/Exitus/slides/IMGP5716.html]
[_mjme/files/fotopage/Exitus/thumbs/IMGP5716.jpg]
[_mjme/files/fotopage/Exitus/slides/IMGP5719.html]
[_mjme/files/fotopage/Exitus/thumbs/IMGP5719.jpg]
[_mjme/files/fotopage/Exitus/slides/IMGP5721.html]
[_mjme/files/fotopage/Exitus/thumbs/IMGP5721.jpg]
[_mjme/files/fotopage/Exitus/slides/IMGP5727.html]
[_mjme/files/fotopage/Exitus/thumbs/IMGP5727.jpg]
[_mjme/files/fotopage/Exitus/slides/IMGP5730.html]
[_mjme/files/fotopage/Exitus/thumbs/IMGP5730.jpg]
[_mjme/files/fotopage/Exitus/slides/IMGP5734.html]
[_mjme/files/fotopage/Exitus/thumbs/IMGP5734.jpg]
[_mjme/files/fotopage/Exitus/slides/IMGP5735.html]
[_mjme/files/fotopage/Exitus/thumbs/IMGP5735.jpg]
[_mjme/files/fotopage/Exitus/slides/IMGP5736.html]
[_mjme/files/fotopage/Exitus/thumbs/IMGP5736.jpg]
[_mjme/files/fotopage/Exitus/slides/IMGP5737.html]
[_mjme/files/fotopage/Exitus/thumbs/IMGP5737.jpg]
[_mjme/files/fotopage/Exitus/slides/IMGP5739.html]
[_mjme/files/fotopage/Exitus/thumbs/IMGP5739.jpg]
[_mjme/files/fotopage/Exitus/slides/IMGP5741.html]
[_mjme/files/fotopage/Exitus/thumbs/IMGP5741.jpg]
[_mjme/files/fotopage/Exitus/slides/IMGP5760.html]
[_mjme/files/fotopage/Exitus/thumbs/IMGP5760.jpg]
[_mjme/files/fotopage/Exitus/slides/IMGP5770.html]
[_mjme/files/fotopage/Exitus/thumbs/IMGP5770.jpg]
[_mjme/files/fotopage/Exitus/slides/IMGP5794.html]
[_mjme/files/fotopage/Exitus/thumbs/IMGP5794.jpg]
[_mjme/files/fotopage/Exitus/slides/IMGP5813.html]
[_mjme/files/fotopage/Exitus/thumbs/IMGP5813.jpg]
[_mjme/files/fotopage/Exitus/slides/IMGP5815.html]
[_mjme/files/fotopage/Exitus/thumbs/IMGP5815.jpg]
[_mjme/files/fotopage/Exitus/slides/IMGP5816.html]
[_mjme/files/fotopage/Exitus/index3.html]
[_mjme/files/fotopage/Exitus/index-2.html]
[_mjme/files/fotopage/Exitus/thumbs/IMGP5816.jpg]
[_mjme/files/fotopage/Exitus/res/navslide.js]
[_mjme/files/fotopage/Exitus/slides/IMGP5410.jpg]
[_mjme/files/fotopage/Exitus/res/silver-21px-darkbackground/first_disabled.gif]
[_mjme/files/fotopage/Exitus/res/silver-21px-darkbackground/previous_disabled.gif]
[_mjme/files/fotopage/Exitus/res/silver-21px-darkbackground/index.gif]
[_mjme/files/fotopage/Exitus/res/silver-21px-darkbackground/next.gif]
[_mjme/files/fotopage/Exitus/res/silver-21px-darkbackground/last.gif]
[_mjme/files/fotopage/Exitus/res/help.gif]
[_mjme/files/fotopage/Exitus/slides/IMGP5409.html]
[_mjme/files/fotopage/Exitus/slides/IMGP5409.jpg]
[_mjme/files/fotopage/Exitus/slides/IMGP5412.jpg]
[_mjme/files/fotopage/Exitus/res/silver-21px-darkbackground/first.gif]
[_mjme/files/fotopage/Exitus/slides/IMGP5410.html]
[_mjme/files/fotopage/Exitus/res/silver-21px-darkbackground/previous.gif]
[_mjme/files/fotopage/Exitus/slides/IMGP5412.html]
[_mjme/files/fotopage/Exitus/slides/IMGP5414.jpg]
[_mjme/files/fotopage/Exitus/slides/IMGP5414.html]
[_mjme/files/fotopage/Exitus/slides/IMGP5416.jpg]
[_mjme/files/fotopage/Exitus/slides/IMGP5416.html]
[_mjme/files/fotopage/Exitus/slides/IMGP5430.jpg]
[_mjme/files/fotopage/Exitus/slides/IMGP5430.html]
[_mjme/files/fotopage/Exitus/slides/IMGP5434.jpg]
[_mjme/files/fotopage/Exitus/slides/IMGP5434.html]
[_mjme/files/fotopage/Exitus/slides/IMGP5437.jpg]
[_mjme/files/fotopage/Exitus/slides/IMGP5437.html]
[_mjme/files/fotopage/Exitus/slides/IMGP5439.jpg]
[_mjme/files/fotopage/Exitus/slides/IMGP5439.html]
[_mjme/files/fotopage/Exitus/slides/IMGP5441.jpg]
[_mjme/files/fotopage/Exitus/slides/IMGP5441.html]
[_mjme/files/fotopage/Exitus/slides/IMGP5443.jpg]
[_mjme/files/fotopage/Exitus/slides/IMGP5443.html]
[_mjme/files/fotopage/Exitus/slides/IMGP5445.jpg]
[_mjme/files/fotopage/Exitus/slides/IMGP5445.html]
[_mjme/files/fotopage/Exitus/slides/IMGP5449.jpg]
[_mjme/files/fotopage/Exitus/slides/IMGP5449.html]
[_mjme/files/fotopage/Exitus/slides/IMGP5452.jpg]
[_mjme/files/fotopage/Exitus/slides/IMGP5452.html]
[_mjme/files/fotopage/Exitus/slides/IMGP5462.jpg]
[_mjme/files/fotopage/Exitus/slides/IMGP5462.html]
[_mjme/files/fotopage/Exitus/slides/IMGP5464.jpg]
[_mjme/files/fotopage/Exitus/slides/IMGP5464.html]
[_mjme/files/fotopage/Exitus/slides/IMGP5466.jpg]
[_mjme/files/fotopage/Exitus/slides/IMGP5466.html]
[_mjme/files/fotopage/Exitus/slides/IMGP5467.jpg]
[_mjme/files/fotopage/Exitus/slides/IMGP5467.html]
[_mjme/files/fotopage/Exitus/slides/IMGP5469.jpg]
[_mjme/files/fotopage/Exitus/slides/IMGP5469.html]
[_mjme/files/fotopage/Exitus/slides/IMGP5475.jpg]
[_mjme/files/fotopage/Exitus/slides/IMGP5475.html]
[_mjme/files/fotopage/Exitus/slides/IMGP5480.jpg]
[_mjme/files/fotopage/Exitus/slides/IMGP5480.html]
[_mjme/files/fotopage/Exitus/slides/IMGP5484.jpg]
[_mjme/files/fotopage/Exitus/slides/IMGP5484.html]
[_mjme/files/fotopage/Exitus/slides/IMGP5486.jpg]
[_mjme/files/fotopage/Exitus/slides/IMGP5486.html]
[_mjme/files/fotopage/Exitus/slides/IMGP5493.jpg]
[_mjme/files/fotopage/Exitus/slides/IMGP5493.html]
[_mjme/files/fotopage/Exitus/slides/IMGP5499.jpg]
[_mjme/files/fotopage/Exitus/slides/IMGP5499.html]
[_mjme/files/fotopage/Exitus/slides/IMGP5501.jpg]
[_mjme/files/fotopage/Exitus/slides/IMGP5501.html]
[_mjme/files/fotopage/Exitus/slides/IMGP5504.jpg]
[_mjme/files/fotopage/Exitus/slides/IMGP5504.html]
[_mjme/files/fotopage/Exitus/slides/IMGP5505.jpg]
[_mjme/files/fotopage/Exitus/slides/IMGP5505.html]
[_mjme/files/fotopage/Exitus/slides/IMGP5514.jpg]
[_mjme/files/fotopage/Exitus/slides/IMGP5514.html]
[_mjme/files/fotopage/Exitus/slides/IMGP5517.jpg]
[_mjme/files/fotopage/Exitus/slides/IMGP5517.html]
[_mjme/files/fotopage/Exitus/slides/IMGP5518.jpg]
[_mjme/files/fotopage/Exitus/slides/IMGP5518.html]
[_mjme/files/fotopage/Exitus/slides/IMGP5528.jpg]
[_mjme/files/fotopage/Exitus/slides/IMGP5528.html]
[_mjme/files/fotopage/Exitus/slides/IMGP5529.jpg]
[_mjme/files/fotopage/Exitus/slides/IMGP5529.html]
[_mjme/files/fotopage/Exitus/slides/IMGP5533.jpg]
[_mjme/files/fotopage/Exitus/slides/IMGP5533.html]
[_mjme/files/fotopage/Exitus/slides/IMGP5536.jpg]
[_mjme/files/fotopage/Exitus/slides/IMGP5536.html]
[_mjme/files/fotopage/Exitus/slides/IMGP5548.jpg]
[_mjme/files/fotopage/Exitus/slides/IMGP5548.html]
[_mjme/files/fotopage/Exitus/slides/IMGP5554.jpg]
[img/icons/16/025.png]
[img/icons/16/198.png]
[img/icons/16/005.png]
[img/icons/16/183.png]
[img/icons/16/153.png]
[img/icons/16/151.png]
[img/icons/16/156.png]
[img/icons/16/101.png]
[img/icons/16/018.png]
[img/icons/16/170.png]
[css/default.css]
[img/icons/16/085.png]
[img/icons/16/054.png]
[img/icons/16/002.png]
[img/icons/16/001.png]
[img/icons/16/134.png]
[img/icons/16/133.png]
[img/icons/16/138.png]
[img/icons/16/132.png]
[img/icons/16/131.png]
[css/DataGrid.css]
[img/icons/16/137.png]
[img/odrazka_x_small_12.png]
[css/exit.css]
[img/default_exitus.png]
[css/jquery.lightbox.packed.css]
[img/tym_andel.jpg]
[img/tym_emar.jpg]
[img/tym_zombie.jpg]
[img/tym_duch.jpg]
[img/tym_krotitel.jpg]
[img/tym_zemrel.jpg]
[2010/text/pravidla/13.html]
[2010/text/struktura-hry/12.html]
[2010/seznam-tymu.html]
[img/mapa.png]
[data/foto/sven/fotky_Sven.zip]
[2010/text/fotogalerie/27.html]
[2010/text/podekovani/23.html]
[2010/text/ztraty-a-nalezy/24.html]
[2010/text/Uvodni-ukol/21.html]
[data/file/odpocinek.png]
[data/file/bludiste.png]
[data/file/celem_vzad_1.jpg]
[data/file/celem_vzad_2.jpg]
[2010/text/zadani-i-casti/25.html]
[2010/text/Reseni-i-casti/26.html]
[2010/statistiky/hry.html]
[data/file/celem_vzad_3.jpg]
[2010/statistiky/ukolu.html]
[2010/celkove-poradi-hry.html]
[2010/text/zajimave-odkazy/16.html]
[img/sova_100.png]
[2010/text/kontakt/15.html]
[2010/text/Kontakt/15-2.html]
[img/atom_100.png]
[_mjme/files/fotopage/Exitus/slides/IMGP5554.html]
[_mjme/files/fotopage/Exitus/slides/IMGP5561.jpg]
[_mjme/files/fotopage/Exitus/slides/IMGP5561.html]
[_mjme/files/fotopage/Exitus/slides/IMGP5566.jpg]
[_mjme/files/fotopage/Exitus/slides/IMGP5566.html]
[_mjme/files/fotopage/Exitus/slides/IMGP5571.jpg]
[_mjme/files/fotopage/Exitus/slides/IMGP5571.html]
[_mjme/files/fotopage/Exitus/slides/IMGP5573.jpg]
[_mjme/files/fotopage/Exitus/slides/IMGP5573.html]
[_mjme/files/fotopage/Exitus/slides/IMGP5578.jpg]
[_mjme/files/fotopage/Exitus/slides/IMGP5578.html]
[_mjme/files/fotopage/Exitus/slides/IMGP5580.jpg]
[_mjme/files/fotopage/Exitus/slides/IMGP5580.html]
[_mjme/files/fotopage/Exitus/slides/IMGP5585.jpg]
[_mjme/files/fotopage/Exitus/slides/IMGP5585.html]
[_mjme/files/fotopage/Exitus/slides/IMGP5586.jpg]
[_mjme/files/fotopage/Exitus/slides/IMGP5586.html]
[_mjme/files/fotopage/Exitus/slides/IMGP5590.jpg]
[_mjme/files/fotopage/Exitus/slides/IMGP5590.html]
[_mjme/files/fotopage/Exitus/slides/IMGP5593.jpg]
[_mjme/files/fotopage/Exitus/slides/IMGP5593.html]
[_mjme/files/fotopage/Exitus/slides/IMGP5593_619.jpg]
[_mjme/files/fotopage/Exitus/slides/IMGP5593_619.html]
[_mjme/files/fotopage/Exitus/slides/IMGP5598.jpg]
[_mjme/files/fotopage/Exitus/slides/IMGP5598.html]
[_mjme/files/fotopage/Exitus/slides/IMGP5607.jpg]
[_mjme/files/fotopage/Exitus/slides/IMGP5607.html]
[_mjme/files/fotopage/Exitus/slides/IMGP5612.jpg]
[_mjme/files/fotopage/Exitus/slides/IMGP5612.html]
[_mjme/files/fotopage/Exitus/slides/IMGP5613.jpg]
[_mjme/files/fotopage/Exitus/slides/IMGP5613.html]
[_mjme/files/fotopage/Exitus/slides/IMGP5614.jpg]
[_mjme/files/fotopage/Exitus/slides/IMGP5614.html]
[_mjme/files/fotopage/Exitus/slides/IMGP5623.jpg]
[_mjme/files/fotopage/Exitus/slides/IMGP5623.html]
[_mjme/files/fotopage/Exitus/slides/IMGP5624.jpg]
[_mjme/files/fotopage/Exitus/slides/IMGP5624.html]
[_mjme/files/fotopage/Exitus/slides/IMGP5627.jpg]
[_mjme/files/fotopage/Exitus/slides/IMGP5627.html]
[_mjme/files/fotopage/Exitus/slides/IMGP5631.jpg]
[_mjme/files/fotopage/Exitus/slides/IMGP5631.html]
[_mjme/files/fotopage/Exitus/slides/IMGP5634.jpg]
[_mjme/files/fotopage/Exitus/slides/IMGP5634.html]
[_mjme/files/fotopage/Exitus/slides/IMGP5639.jpg]
[_mjme/files/fotopage/Exitus/slides/IMGP5639.html]
[_mjme/files/fotopage/Exitus/slides/IMGP5643.jpg]
[_mjme/files/fotopage/Exitus/slides/IMGP5643.html]
[_mjme/files/fotopage/Exitus/slides/IMGP5645.jpg]
[_mjme/files/fotopage/Exitus/slides/IMGP5645.html]
[_mjme/files/fotopage/Exitus/slides/IMGP5647.jpg]
[_mjme/files/fotopage/Exitus/slides/IMGP5647.html]
[_mjme/files/fotopage/Exitus/slides/IMGP5649.jpg]
[_mjme/files/fotopage/Exitus/slides/IMGP5649.html]
[_mjme/files/fotopage/Exitus/slides/IMGP5651.jpg]
[_mjme/files/fotopage/Exitus/slides/IMGP5651.html]
[_mjme/files/fotopage/Exitus/slides/IMGP5655.jpg]
[_mjme/files/fotopage/Exitus/slides/IMGP5655.html]
[_mjme/files/fotopage/Exitus/slides/IMGP5659.jpg]
[_mjme/files/fotopage/Exitus/slides/IMGP5659.html]
[_mjme/files/fotopage/Exitus/slides/IMGP5661.jpg]
[_mjme/files/fotopage/Exitus/slides/IMGP5661.html]
[_mjme/files/fotopage/Exitus/slides/IMGP5663.jpg]
[_mjme/files/fotopage/Exitus/slides/IMGP5663.html]
[_mjme/files/fotopage/Exitus/slides/IMGP5669.jpg]
[_mjme/files/fotopage/Exitus/slides/IMGP5669.html]
[_mjme/files/fotopage/Exitus/slides/IMGP5674.jpg]
[_mjme/files/fotopage/Exitus/slides/IMGP5674.html]
[_mjme/files/fotopage/Exitus/slides/IMGP5676.jpg]
[_mjme/files/fotopage/Exitus/slides/IMGP5676.html]
[_mjme/files/fotopage/Exitus/slides/IMGP5679.jpg]
[_mjme/files/fotopage/Exitus/slides/IMGP5679.html]
[_mjme/files/fotopage/Exitus/slides/IMGP5681.jpg]
[_mjme/files/fotopage/Exitus/slides/IMGP5681.html]
[_mjme/files/fotopage/Exitus/slides/IMGP5693.jpg]
[_mjme/files/fotopage/Exitus/slides/IMGP5693.html]
[_mjme/files/fotopage/Exitus/slides/IMGP5695.jpg]
[_mjme/files/fotopage/Exitus/slides/IMGP5695.html]
[_mjme/files/fotopage/Exitus/slides/IMGP5699.jpg]
[_mjme/files/fotopage/Exitus/slides/IMGP5699.html]
[_mjme/files/fotopage/Exitus/slides/IMGP5701.jpg]
[_mjme/files/fotopage/Exitus/slides/IMGP5701.html]
[_mjme/files/fotopage/Exitus/slides/IMGP5708.jpg]
[_mjme/files/fotopage/Exitus/slides/IMGP5708.html]
[_mjme/files/fotopage/Exitus/slides/IMGP5713.jpg]
[_mjme/files/fotopage/Exitus/slides/IMGP5713.html]
[_mjme/files/fotopage/Exitus/slides/IMGP5716.jpg]
[_mjme/files/fotopage/Exitus/slides/IMGP5716.html]
[_mjme/files/fotopage/Exitus/slides/IMGP5719.jpg]
[_mjme/files/fotopage/Exitus/slides/IMGP5719.html]
[_mjme/files/fotopage/Exitus/slides/IMGP5721.jpg]
[_mjme/files/fotopage/Exitus/slides/IMGP5721.html]
[_mjme/files/fotopage/Exitus/slides/IMGP5727.jpg]
[_mjme/files/fotopage/Exitus/slides/IMGP5727.html]
[_mjme/files/fotopage/Exitus/slides/IMGP5730.jpg]
[_mjme/files/fotopage/Exitus/slides/IMGP5730.html]
[_mjme/files/fotopage/Exitus/slides/IMGP5734.jpg]
[_mjme/files/fotopage/Exitus/slides/IMGP5734.html]
[_mjme/files/fotopage/Exitus/slides/IMGP5735.jpg]
[_mjme/files/fotopage/Exitus/slides/IMGP5735.html]
[_mjme/files/fotopage/Exitus/slides/IMGP5736.jpg]
[_mjme/files/fotopage/Exitus/slides/IMGP5736.html]
[_mjme/files/fotopage/Exitus/slides/IMGP5737.jpg]
[_mjme/files/fotopage/Exitus/slides/IMGP5737.html]
[_mjme/files/fotopage/Exitus/slides/IMGP5739.jpg]
[_mjme/files/fotopage/Exitus/slides/IMGP5739.html]
[_mjme/files/fotopage/Exitus/slides/IMGP5741.jpg]
[_mjme/files/fotopage/Exitus/slides/IMGP5741.html]
[_mjme/files/fotopage/Exitus/slides/IMGP5760.jpg]
[_mjme/files/fotopage/Exitus/slides/IMGP5760.html]
[_mjme/files/fotopage/Exitus/slides/IMGP5770.jpg]
[_mjme/files/fotopage/Exitus/slides/IMGP5770.html]
[_mjme/files/fotopage/Exitus/slides/IMGP5794.jpg]
[_mjme/files/fotopage/Exitus/slides/IMGP5794.html]
[_mjme/files/fotopage/Exitus/slides/IMGP5813.jpg]
[_mjme/files/fotopage/Exitus/slides/IMGP5813.html]
[_mjme/files/fotopage/Exitus/slides/IMGP5815.jpg]
[_mjme/files/fotopage/Exitus/slides/IMGP5815.html]
[_mjme/files/fotopage/Exitus/slides/IMGP5816.jpg]
[_mjme/files/fotopage/Exitus/res/silver-21px-darkbackground/next_disabled.gif]
[_mjme/files/fotopage/Exitus/slides/IMGP5816.html]
[_mjme/files/fotopage/Exitus/res/silver-21px-darkbackground/last_disabled.gif]
[data/foto/vitek/cast1/normal/IMG_1325.jpg]
[data/foto/vitek/cast1/mini/IMG_1325_t.jpg]
[data/foto/vitek/cast1/normal/IMG_1326.jpg]
[data/foto/vitek/cast1/mini/IMG_1326_t.jpg]
[data/foto/vitek/cast1/normal/IMG_1328.jpg]
[data/foto/vitek/cast1/mini/IMG_1328_t.jpg]
[data/foto/vitek/cast1/normal/IMG_1330.jpg]
[data/foto/vitek/cast1/mini/IMG_1330_t.jpg]
[data/foto/vitek/cast1/normal/IMG_1331.jpg]
[data/foto/vitek/cast1/mini/IMG_1331_t.jpg]
[data/foto/vitek/cast1/normal/IMG_1332.jpg]
[data/foto/vitek/cast1/mini/IMG_1332_t.jpg]
[data/foto/vitek/cast1/normal/IMG_1333.jpg]
[data/foto/vitek/cast1/mini/IMG_1333_t.jpg]
[data/foto/vitek/cast1/normal/IMG_1334.jpg]
[data/foto/vitek/cast1/mini/IMG_1334_t.jpg]
[data/foto/vitek/cast1/normal/IMG_1335.jpg]
[data/foto/vitek/cast1/mini/IMG_1335_t.jpg]
[data/foto/vitek/cast1/normal/IMG_1336.jpg]
[data/foto/vitek/cast1/mini/IMG_1336_t.jpg]
[data/foto/vitek/cast1/normal/IMG_1340.jpg]
[data/foto/vitek/cast1/mini/IMG_1340_t.jpg]
[data/foto/vitek/cast1/normal/IMG_1341.jpg]
[data/foto/vitek/cast1/mini/IMG_1341_t.jpg]
[data/foto/vitek/cast1/normal/IMG_1342.jpg]
[data/foto/vitek/cast1/mini/IMG_1342_t.jpg]
[data/foto/vitek/cast1/normal/IMG_1344.jpg]
[data/foto/vitek/cast1/mini/IMG_1344_t.jpg]
[data/foto/vitek/cast1/normal/IMG_1346.jpg]
[data/foto/vitek/cast1/mini/IMG_1346_t.jpg]
[data/foto/vitek/cast1/normal/IMG_1347.jpg]
[data/foto/vitek/cast1/mini/IMG_1347_t.jpg]
[data/foto/vitek/cast1/normal/IMG_1349.jpg]
[data/foto/vitek/cast1/mini/IMG_1349_t.jpg]
[data/foto/vitek/cast1/normal/IMG_1350.jpg]
[data/foto/vitek/cast1/mini/IMG_1350_t.jpg]
[data/foto/vitek/cast1/normal/IMG_1352.jpg]
[data/foto/vitek/cast1/mini/IMG_1352_t.jpg]
[data/foto/vitek/cast1/normal/IMG_1354.jpg]
[data/foto/vitek/cast1/mini/IMG_1354_t.jpg]
[data/foto/vitek/cast1/normal/IMG_1355.jpg]
[data/foto/vitek/cast1/mini/IMG_1355_t.jpg]
[data/foto/vitek/cast1/normal/IMG_1357.jpg]
[data/foto/vitek/cast1/mini/IMG_1357_t.jpg]
[data/foto/vitek/cast1/normal/IMG_1358.jpg]
[data/foto/vitek/cast1/mini/IMG_1358_t.jpg]
[data/foto/vitek/cast1/normal/IMG_1360.jpg]
[data/foto/vitek/cast1/mini/IMG_1360_t.jpg]
[data/foto/vitek/cast1/normal/IMG_1361.jpg]
[data/foto/vitek/cast1/mini/IMG_1361_t.jpg]
[data/foto/vitek/cast1/normal/IMG_1362.jpg]
[data/foto/vitek/cast1/mini/IMG_1362_t.jpg]
[data/foto/vitek/cast1/normal/IMG_1363.jpg]
[data/foto/vitek/cast1/mini/IMG_1363_t.jpg]
[data/foto/vitek/cast1/normal/IMG_1365.jpg]
[data/foto/vitek/cast1/mini/IMG_1365_t.jpg]
[data/foto/vitek/cast1/normal/IMG_1366.jpg]
[data/foto/vitek/cast1/mini/IMG_1366_t.jpg]
[data/foto/vitek/cast1/normal/IMG_1367.jpg]
[data/foto/vitek/cast1/mini/IMG_1367_t.jpg]
[data/foto/vitek/cast1/normal/IMG_1368.jpg]
[data/foto/vitek/cast1/mini/IMG_1368_t.jpg]
[data/foto/vitek/cast1/normal/IMG_1370.jpg]
[data/foto/vitek/cast1/mini/IMG_1370_t.jpg]
[data/foto/vitek/cast1/normal/IMG_1371.jpg]
[data/foto/vitek/cast1/mini/IMG_1371_t.jpg]
[data/foto/vitek/cast1/normal/IMG_1372.jpg]
[data/foto/vitek/cast1/mini/IMG_1372_t.jpg]
[data/foto/vitek/cast1/normal/IMG_1373.jpg]
[data/foto/vitek/cast1/mini/IMG_1373_t.jpg]
[data/foto/vitek/cast1/normal/IMG_1374.jpg]
[data/foto/vitek/cast1/mini/IMG_1374_t.jpg]
[data/foto/vitek/cast1/normal/IMG_1375.jpg]
[data/foto/vitek/cast1/mini/IMG_1375_t.jpg]
[data/foto/vitek/cast1/normal/IMG_1376.jpg]
[data/foto/vitek/cast1/mini/IMG_1376_t.jpg]
[data/foto/vitek/cast1/normal/IMG_1379.jpg]
[data/foto/vitek/cast1/mini/IMG_1379_t.jpg]
[data/foto/vitek/cast1/normal/IMG_1380.jpg]
[data/foto/vitek/cast1/mini/IMG_1380_t.jpg]
[data/foto/vitek/cast1/normal/IMG_1381.jpg]
[data/foto/vitek/cast1/mini/IMG_1381_t.jpg]
[data/foto/vitek/cast1/normal/IMG_1382.jpg]
[data/foto/vitek/cast1/mini/IMG_1382_t.jpg]
[data/foto/vitek/cast1/normal/IMG_1383.jpg]
[data/foto/vitek/cast1/mini/IMG_1383_t.jpg]
[data/foto/vitek/cast1/normal/IMG_1384.jpg]
[data/foto/vitek/cast1/mini/IMG_1384_t.jpg]
[data/foto/vitek/cast1/normal/IMG_1385.jpg]
[data/foto/vitek/cast1/mini/IMG_1385_t.jpg]
[data/foto/vitek/cast1/normal/IMG_1386.jpg]
[data/foto/vitek/cast1/mini/IMG_1386_t.jpg]
[data/foto/vitek/cast1/normal/IMG_1387.jpg]
[data/foto/vitek/cast1/mini/IMG_1387_t.jpg]
[data/foto/vitek/cast1/normal/IMG_1388.jpg]
[data/foto/vitek/cast1/mini/IMG_1388_t.jpg]
[data/foto/vitek/cast1/normal/IMG_1389.jpg]
[data/foto/vitek/cast1/mini/IMG_1389_t.jpg]
[data/foto/vitek/cast1/normal/IMG_1390.jpg]
[data/foto/vitek/cast1/mini/IMG_1390_t.jpg]
[data/foto/vitek/cast1/normal/IMG_1391.jpg]
[data/foto/vitek/cast1/mini/IMG_1391_t.jpg]
[data/foto/vitek/cast1/normal/IMG_1392.jpg]
[data/foto/vitek/cast1/mini/IMG_1392_t.jpg]
[data/foto/vitek/cast1/normal/IMG_1393.jpg]
[data/foto/vitek/cast1/mini/IMG_1393_t.jpg]
[data/foto/vitek/cast1/normal/IMG_1395.jpg]
[data/foto/vitek/cast1/mini/IMG_1395_t.jpg]
[data/foto/vitek/cast1/normal/IMG_1396.jpg]
[data/foto/vitek/cast1/mini/IMG_1396_t.jpg]
[data/foto/vitek/cast1/normal/IMG_1397.jpg]
[data/foto/vitek/cast1/mini/IMG_1397_t.jpg]
[data/foto/vitek/cast1/normal/IMG_1398.jpg]
[data/foto/vitek/cast1/mini/IMG_1398_t.jpg]
[data/foto/vitek/cast1/normal/IMG_1399.jpg]
[data/foto/vitek/cast1/mini/IMG_1399_t.jpg]
[data/foto/vitek/cast1/normal/IMG_1400.jpg]
[data/foto/vitek/cast1/mini/IMG_1400_t.jpg]
[data/foto/vitek/cast1/normal/IMG_1401.jpg]
[data/foto/vitek/cast1/mini/IMG_1401_t.jpg]
[data/foto/vitek/cast1/normal/IMG_1404.jpg]
[data/foto/vitek/cast1/mini/IMG_1404_t.jpg]
[data/foto/vitek/cast1/normal/IMG_1405.jpg]
[data/foto/vitek/cast1/mini/IMG_1405_t.jpg]
[data/foto/vitek/cast1/normal/IMG_1406.jpg]
[data/foto/vitek/cast1/mini/IMG_1406_t.jpg]
[data/foto/vitek/cast1/normal/IMG_1407.jpg]
[data/foto/vitek/cast1/mini/IMG_1407_t.jpg]
[data/foto/vitek/cast1/normal/IMG_1408.jpg]
[data/foto/vitek/cast1/mini/IMG_1408_t.jpg]
[data/foto/vitek/cast1/normal/IMG_1409.jpg]
[data/foto/vitek/cast1/mini/IMG_1409_t.jpg]
[data/foto/vitek/cast1/normal/IMG_1411.jpg]
[data/foto/vitek/cast1/mini/IMG_1411_t.jpg]
[data/foto/vitek/cast1/normal/IMG_1412.jpg]
[data/foto/vitek/cast1/mini/IMG_1412_t.jpg]
[data/foto/vitek/cast1/normal/IMG_4633.jpg]
[data/foto/vitek/cast1/mini/IMG_4633_t.jpg]
[data/foto/vitek/cast1/normal/IMG_4634.jpg]
[data/foto/vitek/cast1/mini/IMG_4634_t.jpg]
[data/foto/vitek/cast1/normal/IMG_4635.jpg]
[data/foto/vitek/cast1/mini/IMG_4635_t.jpg]
[data/foto/vitek/cast1/normal/IMG_4636.jpg]
[data/foto/vitek/cast1/mini/IMG_4636_t.jpg]
[data/foto/vitek/cast1/normal/IMG_4637.jpg]
[data/foto/vitek/cast1/mini/IMG_4637_t.jpg]
[data/foto/vitek/cast1/normal/IMG_4640.jpg]
[data/foto/vitek/cast1/mini/IMG_4640_t.jpg]
[data/foto/vitek/cast1/normal/IMG_4641.jpg]
[data/foto/vitek/cast1/mini/IMG_4641_t.jpg]
[data/foto/vitek/cast1/normal/IMG_4645.jpg]
[data/foto/vitek/cast1/mini/IMG_4645_t.jpg]
[data/foto/vitek/cast1/normal/IMG_4647.jpg]
[data/foto/vitek/cast1/mini/IMG_4647_t.jpg]
[data/foto/vitek/cast1/normal/IMG_4648.jpg]
[data/foto/vitek/cast1/mini/IMG_4648_t.jpg]
[data/foto/vitek/cast1/normal/IMG_4649.jpg]
[data/foto/vitek/cast1/mini/IMG_4649_t.jpg]
[data/foto/vitek/cast1/normal/IMG_4650.jpg]
[data/foto/vitek/cast1/mini/IMG_4650_t.jpg]
[data/foto/vitek/cast1/normal/IMG_4651.jpg]
[data/foto/vitek/cast1/mini/IMG_4651_t.jpg]
[data/foto/vitek/cast1/normal/IMG_4652.jpg]
[data/foto/vitek/cast1/mini/IMG_4652_t.jpg]
[data/foto/vitek/cast1/normal/IMG_4653.jpg]
[data/foto/vitek/cast1/mini/IMG_4653_t.jpg]
[data/foto/vitek/cast1/normal/IMG_4654.jpg]
[data/foto/vitek/cast1/mini/IMG_4654_t.jpg]
[data/foto/vitek/cast1/normal/IMG_4655.jpg]
[data/foto/vitek/cast1/mini/IMG_4655_t.jpg]
[data/foto/vitek/cast1/normal/IMG_4656.jpg]
[data/foto/vitek/cast1/mini/IMG_4656_t.jpg]
[data/foto/vitek/cast1/normal/IMG_4657.jpg]
[data/foto/vitek/cast1/mini/IMG_4657_t.jpg]
[data/foto/vitek/cast1/normal/IMG_4658.jpg]
[data/foto/vitek/cast1/mini/IMG_4658_t.jpg]
[data/foto/vitek/cast1/normal/IMG_4659.jpg]
[data/foto/vitek/cast1/mini/IMG_4659_t.jpg]
[data/foto/vitek/cast1/normal/IMG_4662.jpg]
[data/foto/vitek/cast1/mini/IMG_4662_t.jpg]
[data/foto/vitek/cast1/normal/IMG_4663.jpg]
[data/foto/vitek/cast1/mini/IMG_4663_t.jpg]
[data/foto/vitek/cast1/normal/IMG_4664.jpg]
[data/foto/vitek/cast1/mini/IMG_4664_t.jpg]
[data/foto/vitek/cast1/normal/IMG_4665.jpg]
[data/foto/vitek/cast1/mini/IMG_4665_t.jpg]
[data/foto/vitek/cast1/normal/IMG_4666.jpg]
[data/foto/vitek/cast1/mini/IMG_4666_t.jpg]
[data/foto/vitek/cast1/normal/IMG_4668.jpg]
[data/foto/vitek/cast1/mini/IMG_4668_t.jpg]
[data/foto/vitek/cast1/normal/IMG_4669.jpg]
[data/foto/vitek/cast1/mini/IMG_4669_t.jpg]
[data/foto/vitek/cast1/normal/IMG_4670.jpg]
[data/foto/vitek/cast1/mini/IMG_4670_t.jpg]
[data/foto/vitek/cast1/normal/IMG_4671.jpg]
[data/foto/vitek/cast1/mini/IMG_4671_t.jpg]
[data/foto/vitek/cast1/normal/IMG_4673.jpg]
[data/foto/vitek/cast1/mini/IMG_4673_t.jpg]
[data/foto/vitek/cast1/normal/IMG_4674.jpg]
[data/foto/vitek/cast1/mini/IMG_4674_t.jpg]
[data/foto/vitek/cast1/normal/IMG_4675.jpg]
[data/foto/vitek/cast1/mini/IMG_4675_t.jpg]
[data/foto/vitek/cast1/normal/IMG_4676.jpg]
[2010/text/foto-vitek-1-cast/28.html]
[data/foto/vitek/cast1/mini/IMG_4676_t.jpg]
[data/foto/vitek/cast2/normal/IMG_1413.jpg]
[data/foto/vitek/cast2/mini/IMG_1413_t.jpg]
[data/foto/vitek/cast2/normal/IMG_1414.jpg]
[data/foto/vitek/cast2/mini/IMG_1414_t.jpg]
[data/foto/vitek/cast2/normal/IMG_1415.jpg]
[data/foto/vitek/cast2/mini/IMG_1415_t.jpg]
[data/foto/vitek/cast2/normal/IMG_1417.jpg]
[data/foto/vitek/cast2/mini/IMG_1417_t.jpg]
[data/foto/vitek/cast2/normal/IMG_1418.jpg]
[data/foto/vitek/cast2/mini/IMG_1418_t.jpg]
[data/foto/vitek/cast2/normal/IMG_1419.jpg]
[data/foto/vitek/cast2/mini/IMG_1419_t.jpg]
[data/foto/vitek/cast2/normal/IMG_1420.jpg]
[data/foto/vitek/cast2/mini/IMG_1420_t.jpg]
[data/foto/vitek/cast2/normal/IMG_1421.jpg]
[data/foto/vitek/cast2/mini/IMG_1421_t.jpg]
[data/foto/vitek/cast2/normal/IMG_1422.jpg]
[data/foto/vitek/cast2/mini/IMG_1422_t.jpg]
[data/foto/vitek/cast2/normal/IMG_1425.jpg]
[data/foto/vitek/cast2/mini/IMG_1425_t.jpg]
[data/foto/vitek/cast2/normal/IMG_1426.jpg]
[data/foto/vitek/cast2/mini/IMG_1426_t.jpg]
[data/foto/vitek/cast2/normal/IMG_1428.jpg]
[data/foto/vitek/cast2/mini/IMG_1428_t.jpg]
[data/foto/vitek/cast2/normal/IMG_1429.jpg]
[data/foto/vitek/cast2/mini/IMG_1429_t.jpg]
[data/foto/vitek/cast2/normal/IMG_1430.jpg]
[data/foto/vitek/cast2/mini/IMG_1430_t.jpg]
[data/foto/vitek/cast2/normal/IMG_1431.jpg]
[data/foto/vitek/cast2/mini/IMG_1431_t.jpg]
[data/foto/vitek/cast2/normal/IMG_1432.jpg]
[data/foto/vitek/cast2/mini/IMG_1432_t.jpg]
[data/foto/vitek/cast2/normal/IMG_1433.jpg]
[data/foto/vitek/cast2/mini/IMG_1433_t.jpg]
[data/foto/vitek/cast2/normal/IMG_1435.jpg]
[data/foto/vitek/cast2/mini/IMG_1435_t.jpg]
[data/foto/vitek/cast2/normal/IMG_1440.jpg]
[data/foto/vitek/cast2/mini/IMG_1440_t.jpg]
[data/foto/vitek/cast2/normal/IMG_1441.jpg]
[data/foto/vitek/cast2/mini/IMG_1441_t.jpg]
[data/foto/vitek/cast2/normal/IMG_1445.jpg]
[data/foto/vitek/cast2/mini/IMG_1445_t.jpg]
[data/foto/vitek/cast2/normal/IMG_1446.jpg]
[data/foto/vitek/cast2/mini/IMG_1446_t.jpg]
[data/foto/vitek/cast2/normal/IMG_1447.jpg]
[data/foto/vitek/cast2/mini/IMG_1447_t.jpg]
[data/foto/vitek/cast2/normal/IMG_1449.jpg]
[data/foto/vitek/cast2/mini/IMG_1449_t.jpg]
[data/foto/vitek/cast2/normal/IMG_1451.jpg]
[data/foto/vitek/cast2/mini/IMG_1451_t.jpg]
[data/foto/vitek/cast2/normal/IMG_1454.jpg]
[data/foto/vitek/cast2/mini/IMG_1454_t.jpg]
[data/foto/vitek/cast2/normal/IMG_1457.jpg]
[data/foto/vitek/cast2/mini/IMG_1457_t.jpg]
[data/foto/vitek/cast2/normal/IMG_1458.jpg]
[data/foto/vitek/cast2/mini/IMG_1458_t.jpg]
[data/foto/vitek/cast2/normal/IMG_1460.jpg]
[data/foto/vitek/cast2/mini/IMG_1460_t.jpg]
[data/foto/vitek/cast2/normal/IMG_1463.jpg]
[data/foto/vitek/cast2/mini/IMG_1463_t.jpg]
[data/foto/vitek/cast2/normal/IMG_1465.jpg]
[data/foto/vitek/cast2/mini/IMG_1465_t.jpg]
[data/foto/vitek/cast2/normal/IMG_1466.jpg]
[data/foto/vitek/cast2/mini/IMG_1466_t.jpg]
[data/foto/vitek/cast2/normal/IMG_1468.jpg]
[data/foto/vitek/cast2/mini/IMG_1468_t.jpg]
[data/foto/vitek/cast2/normal/IMG_1470.jpg]
[data/foto/vitek/cast2/mini/IMG_1470_t.jpg]
[data/foto/vitek/cast2/normal/IMG_1472.jpg]
[data/foto/vitek/cast2/mini/IMG_1472_t.jpg]
[data/foto/vitek/cast2/normal/IMG_1477.jpg]
[data/foto/vitek/cast2/mini/IMG_1477_t.jpg]
[data/foto/vitek/cast2/normal/IMG_1478.jpg]
[data/foto/vitek/cast2/mini/IMG_1478_t.jpg]
[data/foto/vitek/cast2/normal/IMG_1483.jpg]
[data/foto/vitek/cast2/mini/IMG_1483_t.jpg]
[data/foto/vitek/cast2/normal/IMG_1485.jpg]
[data/foto/vitek/cast2/mini/IMG_1485_t.jpg]
[data/foto/vitek/cast2/normal/IMG_1488.jpg]
[data/foto/vitek/cast2/mini/IMG_1488_t.jpg]
[data/foto/vitek/cast2/normal/IMG_1489.jpg]
[data/foto/vitek/cast2/mini/IMG_1489_t.jpg]
[data/foto/vitek/cast2/normal/IMG_1490.jpg]
[data/foto/vitek/cast2/mini/IMG_1490_t.jpg]
[data/foto/vitek/cast2/normal/IMG_1491.jpg]
[data/foto/vitek/cast2/mini/IMG_1491_t.jpg]
[data/foto/vitek/cast2/normal/IMG_1494.jpg]
[data/foto/vitek/cast2/mini/IMG_1494_t.jpg]
[data/foto/vitek/cast2/normal/IMG_4679.jpg]
[data/foto/vitek/cast2/mini/IMG_4679_t.jpg]
[data/foto/vitek/cast2/normal/IMG_4680.jpg]
[data/foto/vitek/cast2/mini/IMG_4680_t.jpg]
[data/foto/vitek/cast2/normal/IMG_4681.jpg]
[data/foto/vitek/cast2/mini/IMG_4681_t.jpg]
[data/foto/vitek/cast2/normal/IMG_4687.jpg]
[data/foto/vitek/cast2/mini/IMG_4687_t.jpg]
[data/foto/vitek/cast2/normal/IMG_4688.jpg]
[2010/text/foto-vitek-2-cast/29.html]
[data/foto/vitek/cast2/mini/IMG_4688_t.jpg]
[data/foto/vitek/vyhlaseni/normal/IMG_1497.jpg]
[data/foto/vitek/vyhlaseni/mini/IMG_1497_t.jpg]
[data/foto/vitek/vyhlaseni/normal/IMG_1498.jpg]
[data/foto/vitek/vyhlaseni/mini/IMG_1498_t.jpg]
[data/foto/vitek/vyhlaseni/normal/IMG_1501.jpg]
[data/foto/vitek/vyhlaseni/mini/IMG_1501_t.jpg]
[data/foto/vitek/vyhlaseni/normal/IMG_1503.jpg]
[data/foto/vitek/vyhlaseni/mini/IMG_1503_t.jpg]
[data/foto/vitek/vyhlaseni/normal/IMG_1504.jpg]
[data/foto/vitek/vyhlaseni/mini/IMG_1504_t.jpg]
[data/foto/vitek/vyhlaseni/normal/IMG_1506.jpg]
[data/foto/vitek/vyhlaseni/mini/IMG_1506_t.jpg]
[data/foto/vitek/vyhlaseni/normal/IMG_1510.jpg]
[data/foto/vitek/vyhlaseni/mini/IMG_1510_t.jpg]
[data/foto/vitek/vyhlaseni/normal/IMG_1515.jpg]
[data/foto/vitek/vyhlaseni/mini/IMG_1515_t.jpg]
[data/foto/vitek/vyhlaseni/normal/IMG_1516.jpg]
[2010/text/foto-vitek-vyhlaseni/30.html]
[2010/statistiky/detail-odpovedi/1.html]
[2010/statistiky/detail-odpovedi/2.html]
[2010/statistiky/detail-odpovedi/3.html]
[2010/statistiky/detail-odpovedi/4.html]
[2010/statistiky/detail-odpovedi/5.html]
[2010/statistiky/detail-odpovedi/6.html]
[2010/statistiky/detail-odpovedi/7.html]
[2010/statistiky/detail-odpovedi/8.html]
[2010/statistiky/detail-odpovedi/9.html]
[2010/statistiky/detail-odpovedi/10.html]
[2010/statistiky/detail-odpovedi/11.html]
[2010/statistiky/detail-odpovedi/12.html]
[2010/statistiky/detail-odpovedi/13.html]
[2010/statistiky/detail-odpovedi/14.html]
[2010/statistiky/detail-odpovedi/15.html]
[2010/statistiky/detail-odpovedi/16.html]
[2010/statistiky/detail-odpovedi/17.html]
[2010/statistiky/detail-odpovedi/18.html]
[2010/statistiky/detail-odpovedi/19.html]
[2010/statistiky/detail-odpovedi/20.html]
[2010/statistiky/detail-odpovedi/21.html]
[data/foto/vitek/vyhlaseni/mini/IMG_1516_t.jpg]
